# Heading1
## Heading2
- List1
	- Nest List1_1
		- Nest List1_1_1
		- Nest List1_1_2
	- Nest List1_2
- List2
- List3
### Heading3
- List1
	- Nest List1_1
		- Nest List1_1_1
		- Nest List1_1_2
	- Nest List1_2
- List2
- List3
> Description1
> Description2
> Description3_1 > Description3_2
>> Description4
>> Description5
