# Heading1
Description1_1 `back quote area` Description1_2
Description2_1 *italic area* Description2_2
Description3_1 _italic area_ Description3_2
Description4_1 **bold area** Description4_2
Description5_1 __bold area__ Description5_2
Description4_1 ***italic & bold area*** Description4_2
Description5_1 ___italic & bold area___ Description5_2
